// Jest Snapshot v1, https://goo.gl/fbAQLP

exports[`parent component 1`] = `
<div>
  <div>
    <p>
      SOME VALUE
    </p>
  </div>
</div>
`;
