// Jest Snapshot v1, https://goo.gl/fbAQLP

exports[`some component 1`] = `
<div>
  <p>
    SOME VALUE
  </p>
</div>
`;
